// Vitest Snapshot v1, https://vitest.dev/guide/snapshot.html

exports[`Scenario 7: Concurrent with Context Expect > concurrent snapshot test 1 1`] = `
{
  "age": 25,
  "name": "Alice",
}
`;

exports[`Scenario 7: Concurrent with Context Expect > concurrent snapshot test 2 1`] = `
{
  "age": 30,
  "name": "Bob",
}
`;
